// Jest Snapshot v1, https://goo.gl/fbAQLP

exports[`Header renders and matches our snapshot 1`] = `
<header
  className="App-header"
>
  <img
    alt="logo"
    className="App-logo"
    src="logo.svg"
  />
  <h1
    className="App-title"
  >
    OpenID Connect (OIDC) javascript client with React
  </h1>
  <nav
    className="navbar navbar-expand navbar-dark bg-dark"
  >
    <div
      className="text-center"
    >
      Please login to enable CRUD operations.
    </div>
  </nav>
</header>
`;
